cargo : warning: unused import: 
`shared::validation::Validate`
At line:1 char:1
+ cargo leptos build --release > 
build_output.log 2>&1
+ ~~~~~~~~~~~~~~~~~~~~~~~~~~~~~~~~~
~~~~~~~~~~~~~~~~~~~
    + CategoryInfo          : NotS 
   pecified: (warning: unused...t  
  ion::Validate`:String) [], Rem   
 oteException
    + FullyQualifiedErrorId : Nati 
   veCommandError
 
 --> frontend-leptos\src\api\contac
t.rs:7:5
  |
7 | use 
shared::validation::Validate;
  |     
^^^^^^^^^^^^^^^^^^^^^^^^^^^^
  |
  = note: 
`#[warn(unused_imports)]` on by 
default

warning: variants `Success`, 
`Warning`, and `Info` are never 
constructed
  --> frontend-leptos\src\component
s\ui\badge.rs:13:5
   |
 9 | pub enum BadgeVariant {
   |          ------------ 
variants in this enum
...
13 |     Success,
   |     ^^^^^^^
14 |     /// Yellow - for war...
15 |     Warning,
   |     ^^^^^^^
16 |     /// Gray/mono - for ...
17 |     Info,
   |     ^^^^
   |
   = note: `BadgeVariant` has a 
derived impl for the trait 
`Clone`, but this is intentionally 
ignored during dead code analysis
   = note: `#[warn(dead_code)]` on 
by default

warning: variants `Glass` and 
`Brand` are never constructed
  --> frontend-leptos\src\component
s\ui\card.rs:13:5
   |
 9 | pub enum CardVariant {
   |          ----------- variants 
in this enum
...
13 |     Glass,
   |     ^^^^^
14 |     /// Brand-accen...
15 |     Brand,
   |     ^^^^^
   |
   = note: `CardVariant` has a 
derived impl for the trait 
`Clone`, but this is intentionally 
ignored during dead code analysis

warning: method `class` is never 
used
  --> frontend-leptos\src\component
s\ui\card.rs:20:12
   |
18 | impl CardVariant {
   | ---------------- method in 
this implementation
19 |     /// Get CSS cla...
20 |     pub fn class(&s...
   |            ^^^^^

warning: fields `title`, 
`children`, and `variant` are 
never read
  --> frontend-leptos\src\component
s\ui\card.rs:34:5
   |
30 | #[component]
   | ------------ fields in this 
struct
...
34 |     title: String,
   |     ^^^^^
35 |     /// Card content
36 |     children: Child...
   |     ^^^^^^^^
...
39 |     variant: CardVa...
   |     ^^^^^^^

warning: fields `title`, 
`description`, and `children` are 
never read
  --> frontend-leptos\src\component
s\ui\card.rs:74:5
   |
70 | #[component]
   | ------------ fields in this 
struct
...
74 |     title: String,
   |     ^^^^^
...
77 |     description: St...
   |     ^^^^^^^^^^^
78 |     /// Icon elemen...
79 |     children: Child...
   |     ^^^^^^^^

warning: fields `children` and 
`min_height` are never read
  --> frontend-leptos\src\component
s\ui\section.rs:57:5
   |
54 | #[component]
   | ------------ fields in this 
struct
...
57 |     children: Child...
   |     ^^^^^^^^
...
60 |     min_height: &'s...
   |     ^^^^^^^^^^

warning: field `children` is never 
read
  --> frontend-leptos\src\component
s\ui\section.rs:83:5
   |
80 | #[component]
   | ------------ field in this 
struct
...
83 |     children: Child...
   |     ^^^^^^^^

warning: `frontend-leptos` (lib) 
generated 8 warnings
    Finished `release` profile 
[optimized] target(s) in 2.00s
[38;5;77m       Cargo[0m 
finished [38;5;241mcargo build 
--package=frontend-leptos --lib --t
arget-dir=C:\Users\isich\xfhandyman
\target\front 
--target=wasm32-unknown-unknown 
--no-default-features 
--features=hydrate --release[0m
[38;5;77m       Front[0m 
generating JS/WASM with 
wasm-bindgen
[38;5;196m[swc_ecma_transforms_opt
imization][0m tree-shaker; pass=0
[38;5;196m[swc_ecma_transforms_opt
imization][0m tree-shaker; pass=0
[38;5;77m    Finished[0m 
generating JS/WASM for front in 
5.5797554s
warning: unused import: 
`shared::validation::Validate`
 --> frontend-leptos\src\api\contac
t.rs:7:5
  |
7 | use 
shared::validation::Validate;
  |     
^^^^^^^^^^^^^^^^^^^^^^^^^^^^
  |
  = note: 
`#[warn(unused_imports)]` on by 
default

warning: variants `Success`, 
`Warning`, and `Info` are never 
constructed
  --> frontend-leptos\src\component
s\ui\badge.rs:13:5
   |
 9 | pub enum BadgeVariant {
   |          ------------ 
variants in this enum
...
13 |     Success,
   |     ^^^^^^^
14 |     /// Yellow - for war...
15 |     Warning,
   |     ^^^^^^^
16 |     /// Gray/mono - for ...
17 |     Info,
   |     ^^^^
   |
   = note: `BadgeVariant` has a 
derived impl for the trait 
`Clone`, but this is intentionally 
ignored during dead code analysis
   = note: `#[warn(dead_code)]` on 
by default

warning: variants `Glass` and 
`Brand` are never constructed
  --> frontend-leptos\src\component
s\ui\card.rs:13:5
   |
 9 | pub enum CardVariant {
   |          ----------- variants 
in this enum
...
13 |     Glass,
   |     ^^^^^
14 |     /// Brand-accen...
15 |     Brand,
   |     ^^^^^
   |
   = note: `CardVariant` has a 
derived impl for the trait 
`Clone`, but this is intentionally 
ignored during dead code analysis

warning: method `class` is never 
used
  --> frontend-leptos\src\component
s\ui\card.rs:20:12
   |
18 | impl CardVariant {
   | ---------------- method in 
this implementation
19 |     /// Get CSS cla...
20 |     pub fn class(&s...
   |            ^^^^^

warning: fields `title`, 
`children`, and `variant` are 
never read
  --> frontend-leptos\src\component
s\ui\card.rs:34:5
   |
30 | #[component]
   | ------------ fields in this 
struct
...
34 |     title: String,
   |     ^^^^^
35 |     /// Card content
36 |     children: Child...
   |     ^^^^^^^^
...
39 |     variant: CardVa...
   |     ^^^^^^^

warning: fields `title`, 
`description`, and `children` are 
never read
  --> frontend-leptos\src\component
s\ui\card.rs:74:5
   |
70 | #[component]
   | ------------ fields in this 
struct
...
74 |     title: String,
   |     ^^^^^
...
77 |     description: St...
   |     ^^^^^^^^^^^
78 |     /// Icon elemen...
79 |     children: Child...
   |     ^^^^^^^^

warning: fields `children` and 
`min_height` are never read
  --> frontend-leptos\src\component
s\ui\section.rs:57:5
   |
54 | #[component]
   | ------------ fields in this 
struct
...
57 |     children: Child...
   |     ^^^^^^^^
...
60 |     min_height: &'s...
   |     ^^^^^^^^^^

warning: field `children` is never 
read
  --> frontend-leptos\src\component
s\ui\section.rs:83:5
   |
80 | #[component]
   | ------------ field in this 
struct
...
83 |     children: Child...
   |     ^^^^^^^^

warning: `frontend-leptos` (lib) 
generated 8 warnings
    Finished `release` profile 
[optimized] target(s) in 1.94s
[38;5;77m       Cargo[0m 
finished [38;5;241mcargo build 
--package=frontend-leptos 
--bin=frontend-leptos 
--no-default-features 
--features=ssr --release[0m
