cargo : [38;5;77m  JavaScript[0m config files are no longer 
required in Tailwind CSS v4. If you still need to use a JS 
config file, refer to the docs here: https://tailwindcss.com/d
ocs/upgrade-guide#using-a-javascript-config-file.
At line:1 char:41
+ ... TAILWIND_VERSION='v4.1.18'; cargo leptos build 
--release 2>&1 | Out-F ...
+                                 
~~~~~~~~~~~~~~~~~~~~~~~~~~~~~~~~~
    + CategoryInfo          : NotSpecified: ([38;5;77m  Jav. 
   ..pt-config-file.:String) [], RemoteException
    + FullyQualifiedErrorId : NativeCommandError
 
warning: field `label` is never read
  --> frontend-leptos\src\components\ui\badge.rs:12:5
   |
 8 | #[component]
   | ------------ field in this struct
...
12 |     label: String,
   |     ^^^^^
   |
   = note: `#[warn(dead_code)]` on by default

warning: fields `title` and `children` are never read
  --> frontend-leptos\src\components\ui\card.rs:12:5
   |
 8 | #[component]
   | ------------ fields in this struct
...
12 |     title: String,
   |     ^^^^^
...
15 |     children: Children,
   |     ^^^^^^^^

warning: fields `title`, `children`, and `darker` are never 
read
  --> frontend-leptos\src\components\ui\section.rs:12:5
   |
 8 | #[component]
   | ------------ fields in this struct
...
12 |     title: String,
   |     ^^^^^
...
15 |     children: Children,
   |     ^^^^^^^^
...
18 |     darker: bool,
   |     ^^^^^^

warning: `frontend-leptos` (lib) generated 3 warnings
    Finished `release` profile [optimized] target(s) in 0.73s
[38;5;77m       Cargo[0m finished [38;5;241mcargo build 
--package=frontend-leptos --lib 
--target-dir=C:\Users\isich\xfhandyman\target\front 
--target=wasm32-unknown-unknown --no-default-features 
--features=hydrate --release[0m
[38;5;77m       Front[0m generating JS/WASM with 
wasm-bindgen
[38;5;196m[swc_ecma_transforms_optimization][0m 
tree-shaker; pass=0
[38;5;196m[swc_ecma_transforms_optimization][0m 
tree-shaker; pass=0
[38;5;77m    Finished[0m generating JS/WASM for front in 
3.1286669s
[38;5;77m     Command[0m installing tailwindcss-v4.1.18 ...
[38;5;77m     Command[0m tailwindcss-v4.1.18 installed.
[38;5;77m    Tailwind[0m finished [38;5;241mtailwindcss 
--input frontend-leptos/input.css --output 
C:\Users\isich\xfhandyman\target\tmp\tailwind.css --minify[0m
warning: output filename collision.
The bin target `frontend-leptos` in package `frontend-leptos 
v0.1.0 (C:\Users\isich\xfhandyman\frontend-leptos)` has the 
same output filename as the lib target `frontend_leptos` in 
package `frontend-leptos v0.1.0 
(C:\Users\isich\xfhandyman\frontend-leptos)`.
Colliding filename is: C:\Users\isich\xfhandyman\target\releas
e\deps\frontend_leptos.pdb
The output filenames should be unique.
Consider changing their names to be unique or compiling them 
separately.
This may become a hard error in the future; see 
<https://github.com/rust-lang/cargo/issues/6313>.
If this looks unexpected, it may be a bug in Cargo. Please 
file a bug report at
https://github.com/rust-lang/cargo/issues/ with as much 
information as you
can provide.
cargo 1.90.0 (840b83a10 2025-07-30) running on 
`x86_64-pc-windows-msvc` target `x86_64-pc-windows-msvc`
First unit: Unit { pkg: Package { id: PackageId { name: 
"frontend-leptos", version: "0.1.0", source: 
"C:\\Users\\isich\\xfhandyman\\frontend-leptos" }, ..: ".." 
}, target: TargetInner { name: "frontend-leptos", doc: true, 
..: with_path("C:\\Users\\isich\\xfhandyman\\frontend-leptos\\
src\\main.rs", Edition2021) }, profile: Profile { lto: 
Bool(true), codegen_units: Some(1), strip: 
Resolved(Named("symbols")), ..: default_release() }, kind: 
Host, mode: Build, features: ["ssr"], rustflags: [], 
rustdocflags: [], links_overrides: {}, artifact: false, 
artifact_target_for_features: None, is_std: false, dep_hash: 
11816533831474479185 }
Second unit: Unit { pkg: Package { id: PackageId { name: 
"frontend-leptos", version: "0.1.0", source: 
"C:\\Users\\isich\\xfhandyman\\frontend-leptos" }, ..: ".." 
}, target: TargetInner { name_inferred: true, ..: 
lib_target("frontend_leptos", ["cdylib", "rlib"], 
"C:\\Users\\isich\\xfhandyman\\frontend-leptos\\src\\lib.rs", 
Edition2021) }, profile: Profile { lto: Bool(true), 
codegen_units: Some(1), strip: Resolved(Named("symbols")), 
..: default_release() }, kind: Host, mode: Build, features: 
["ssr"], rustflags: [], rustdocflags: [], links_overrides: 
{}, artifact: false, artifact_target_for_features: None, 
is_std: false, dep_hash: 10944412691304541483 }
warning: field `label` is never read
  --> frontend-leptos\src\components\ui\badge.rs:12:5
   |
 8 | #[component]
   | ------------ field in this struct
...
12 |     label: String,
   |     ^^^^^
   |
   = note: `#[warn(dead_code)]` on by default

warning: fields `title` and `children` are never read
  --> frontend-leptos\src\components\ui\card.rs:12:5
   |
 8 | #[component]
   | ------------ fields in this struct
...
12 |     title: String,
   |     ^^^^^
...
15 |     children: Children,
   |     ^^^^^^^^

warning: fields `title`, `children`, and `darker` are never 
read
  --> frontend-leptos\src\components\ui\section.rs:12:5
   |
 8 | #[component]
   | ------------ fields in this struct
...
12 |     title: String,
   |     ^^^^^
...
15 |     children: Children,
   |     ^^^^^^^^
...
18 |     darker: bool,
   |     ^^^^^^

warning: `frontend-leptos` (lib) generated 3 warnings
    Finished `release` profile [optimized] target(s) in 0.73s
[38;5;77m       Cargo[0m finished [38;5;241mcargo build 
--package=frontend-leptos --bin=frontend-leptos 
--no-default-features --features=ssr --release[0m
